(= (. a b) a (APPLY FUN) (APPLY FUN) (APPLY FUN))
